group                                               default_licm                            ownsem_licm
-----                                               ------------                            -----------
add_remove/sparse_set                               1.00   978.7±16.25µs        ? ?/sec     1.03  1011.4±14.98µs        ? ?/sec
add_remove/table                                    1.00  1490.1±12.13µs        ? ?/sec     1.01  1499.8±17.93µs        ? ?/sec
add_remove_big/sparse_set                           1.03  1129.2±99.61µs        ? ?/sec     1.00  1092.8±20.56µs        ? ?/sec
add_remove_big/table                                1.07      4.4±0.84ms        ? ?/sec     1.00      4.1±0.17ms        ? ?/sec
added_archetypes/archetype_count/100                1.02     64.4±0.61µs        ? ?/sec     1.00     63.3±0.46µs        ? ?/sec
added_archetypes/archetype_count/1000               1.00   1091.8±6.43µs        ? ?/sec     1.00  1089.4±39.52µs        ? ?/sec
added_archetypes/archetype_count/10000              1.10     20.5±0.13ms        ? ?/sec     1.00     18.6±0.17ms        ? ?/sec
added_archetypes/archetype_count/200                1.03    128.3±2.35µs        ? ?/sec     1.00    124.6±0.62µs        ? ?/sec
added_archetypes/archetype_count/2000               1.01      2.3±0.01ms        ? ?/sec     1.00      2.3±0.01ms        ? ?/sec
added_archetypes/archetype_count/500                1.00    378.9±6.65µs        ? ?/sec     1.05   396.8±24.20µs        ? ?/sec
added_archetypes/archetype_count/5000               1.02      6.5±0.27ms        ? ?/sec     1.00      6.3±0.31ms        ? ?/sec
build_schedule/1000_schedule                        1.01       5.6±0.03s        ? ?/sec     1.00       5.5±0.03s        ? ?/sec
build_schedule/1000_schedule_noconstraints          1.00     38.9±0.40ms        ? ?/sec     1.33     51.7±0.81ms        ? ?/sec
build_schedule/100_schedule                         1.01     20.1±0.04ms        ? ?/sec     1.00     20.0±0.03ms        ? ?/sec
build_schedule/100_schedule_noconstraints           1.02   957.7±21.15µs        ? ?/sec     1.00   942.0±10.30µs        ? ?/sec
build_schedule/500_schedule                         1.00    930.2±7.53ms        ? ?/sec     1.01   941.1±11.09ms        ? ?/sec
build_schedule/500_schedule_noconstraints           1.00     10.9±0.03ms        ? ?/sec     1.00     10.9±0.06ms        ? ?/sec
busy_systems/01x_entities_03_systems                1.02     89.9±1.70µs        ? ?/sec     1.00     87.9±1.44µs        ? ?/sec
busy_systems/01x_entities_06_systems                1.04    165.0±1.16µs        ? ?/sec     1.00    159.4±3.45µs        ? ?/sec
busy_systems/01x_entities_09_systems                1.01    231.9±2.46µs        ? ?/sec     1.00    229.9±1.81µs        ? ?/sec
busy_systems/01x_entities_12_systems                1.00    300.5±2.89µs        ? ?/sec     1.02    305.5±4.13µs        ? ?/sec
busy_systems/01x_entities_15_systems                1.00    370.2±2.13µs        ? ?/sec     1.01    375.6±4.98µs        ? ?/sec
busy_systems/02x_entities_03_systems                1.10    160.9±1.84µs        ? ?/sec     1.00    146.1±0.57µs        ? ?/sec
busy_systems/02x_entities_06_systems                1.12    304.0±2.23µs        ? ?/sec     1.00    271.5±0.74µs        ? ?/sec
busy_systems/02x_entities_09_systems                1.12    439.5±3.55µs        ? ?/sec     1.00    391.1±1.79µs        ? ?/sec
busy_systems/02x_entities_12_systems                1.11    577.0±3.32µs        ? ?/sec     1.00    518.2±2.87µs        ? ?/sec
busy_systems/02x_entities_15_systems                1.24    787.8±6.06µs        ? ?/sec     1.00    636.2±5.09µs        ? ?/sec
busy_systems/03x_entities_03_systems                1.02    217.5±2.11µs        ? ?/sec     1.00    214.1±4.08µs        ? ?/sec
busy_systems/03x_entities_06_systems                1.02    416.8±3.25µs        ? ?/sec     1.00    407.1±1.58µs        ? ?/sec
busy_systems/03x_entities_09_systems                1.00    607.7±5.61µs        ? ?/sec     1.06    642.8±6.09µs        ? ?/sec
busy_systems/03x_entities_12_systems                1.10   862.1±10.46µs        ? ?/sec     1.00    786.4±5.56µs        ? ?/sec
busy_systems/03x_entities_15_systems                1.11   1078.3±8.14µs        ? ?/sec     1.00    973.9±5.62µs        ? ?/sec
busy_systems/04x_entities_03_systems                1.01    281.4±1.76µs        ? ?/sec     1.00    278.6±0.55µs        ? ?/sec
busy_systems/04x_entities_06_systems                1.14   612.1±14.15µs        ? ?/sec     1.00    535.5±2.65µs        ? ?/sec
busy_systems/04x_entities_09_systems                1.07   846.5±16.10µs        ? ?/sec     1.00    790.6±5.00µs        ? ?/sec
busy_systems/04x_entities_12_systems                1.05  1098.9±13.58µs        ? ?/sec     1.00   1046.0±5.87µs        ? ?/sec
busy_systems/04x_entities_15_systems                1.04  1349.4±14.19µs        ? ?/sec     1.00   1296.3±4.91µs        ? ?/sec
busy_systems/05x_entities_03_systems                1.00    359.5±0.69µs        ? ?/sec     1.02    367.4±2.79µs        ? ?/sec
busy_systems/05x_entities_06_systems                1.00    695.8±9.19µs        ? ?/sec     1.01    699.5±2.81µs        ? ?/sec
busy_systems/05x_entities_09_systems                1.09  1141.3±63.98µs        ? ?/sec     1.00  1051.7±22.93µs        ? ?/sec
busy_systems/05x_entities_12_systems                1.04  1488.7±26.71µs        ? ?/sec     1.00   1434.7±5.77µs        ? ?/sec
busy_systems/05x_entities_15_systems                1.00  1685.1±11.32µs        ? ?/sec     1.04  1744.1±43.45µs        ? ?/sec
contrived/01x_entities_03_systems                   1.00     50.9±1.37µs        ? ?/sec     1.07     54.7±0.80µs        ? ?/sec
contrived/01x_entities_06_systems                   1.00     85.5±2.40µs        ? ?/sec     1.00     85.5±2.97µs        ? ?/sec
contrived/01x_entities_09_systems                   1.07    123.5±1.45µs        ? ?/sec     1.00    115.0±3.94µs        ? ?/sec
contrived/01x_entities_12_systems                   1.06    155.0±3.51µs        ? ?/sec     1.00    146.4±4.78µs        ? ?/sec
contrived/01x_entities_15_systems                   1.02    184.8±2.69µs        ? ?/sec     1.00    180.9±5.50µs        ? ?/sec
contrived/02x_entities_03_systems                   1.05     78.0±1.15µs        ? ?/sec     1.00     74.2±0.31µs        ? ?/sec
contrived/02x_entities_06_systems                   1.11    143.5±1.31µs        ? ?/sec     1.00    128.9±1.60µs        ? ?/sec
contrived/02x_entities_09_systems                   1.10    202.3±4.09µs        ? ?/sec     1.00    184.6±1.05µs        ? ?/sec
contrived/02x_entities_12_systems                   1.08    264.1±7.40µs        ? ?/sec     1.00    244.0±5.75µs        ? ?/sec
contrived/02x_entities_15_systems                   1.11    320.6±8.21µs        ? ?/sec     1.00    289.7±1.86µs        ? ?/sec
contrived/03x_entities_03_systems                   1.00     99.4±2.44µs        ? ?/sec     1.02    101.8±3.17µs        ? ?/sec
contrived/03x_entities_06_systems                   1.01    193.9±1.40µs        ? ?/sec     1.00    192.0±1.51µs        ? ?/sec
contrived/03x_entities_09_systems                   1.00    284.0±4.46µs        ? ?/sec     1.23    350.7±4.20µs        ? ?/sec
contrived/03x_entities_12_systems                   1.20   452.8±14.23µs        ? ?/sec     1.00    377.5±2.00µs        ? ?/sec
contrived/03x_entities_15_systems                   1.19   552.2±22.35µs        ? ?/sec     1.00    464.7±3.18µs        ? ?/sec
contrived/04x_entities_03_systems                   1.00    122.2±2.27µs        ? ?/sec     1.00    122.3±3.19µs        ? ?/sec
contrived/04x_entities_06_systems                   1.00    247.2±2.66µs        ? ?/sec     1.10    271.8±0.86µs        ? ?/sec
contrived/04x_entities_09_systems                   1.00    364.4±2.70µs        ? ?/sec     1.00    364.4±4.37µs        ? ?/sec
contrived/04x_entities_12_systems                   1.00    571.2±4.26µs        ? ?/sec     1.00    571.3±4.58µs        ? ?/sec
contrived/04x_entities_15_systems                   1.01    714.0±6.34µs        ? ?/sec     1.00   709.5±16.99µs        ? ?/sec
contrived/05x_entities_03_systems                   1.00    167.9±4.08µs        ? ?/sec     1.05    175.6±3.88µs        ? ?/sec
contrived/05x_entities_06_systems                   1.10    330.3±3.05µs        ? ?/sec     1.00    300.6±2.09µs        ? ?/sec
contrived/05x_entities_09_systems                   1.00    418.5±5.17µs        ? ?/sec     1.06    445.2±1.92µs        ? ?/sec
contrived/05x_entities_12_systems                   1.00    551.8±2.91µs        ? ?/sec     1.06    582.3±9.31µs        ? ?/sec
contrived/05x_entities_15_systems                   1.00    696.1±9.92µs        ? ?/sec     1.20    836.4±5.16µs        ? ?/sec
empty_commands/0_entities                           1.00      8.4±0.03ns        ? ?/sec     1.00      8.4±0.04ns        ? ?/sec
empty_systems/000_systems                           1.00      6.0±0.05ns        ? ?/sec     1.00      6.0±0.07ns        ? ?/sec
empty_systems/001_systems                           1.00      8.8±0.25µs        ? ?/sec     1.00      8.7±0.12µs        ? ?/sec
empty_systems/002_systems                           1.00      9.5±0.35µs        ? ?/sec     1.00      9.5±0.24µs        ? ?/sec
empty_systems/003_systems                           1.00      9.4±0.30µs        ? ?/sec     1.01      9.5±0.39µs        ? ?/sec
empty_systems/004_systems                           1.01      9.6±0.30µs        ? ?/sec     1.00      9.5±0.16µs        ? ?/sec
empty_systems/005_systems                           1.00     10.2±0.31µs        ? ?/sec     1.00     10.2±0.41µs        ? ?/sec
empty_systems/010_systems                           1.00     14.8±0.35µs        ? ?/sec     1.44     21.4±0.25µs        ? ?/sec
empty_systems/015_systems                           1.00     16.2±0.34µs        ? ?/sec     1.52     24.6±0.52µs        ? ?/sec
empty_systems/020_systems                           1.01     18.8±0.47µs        ? ?/sec     1.00     18.7±0.61µs        ? ?/sec
empty_systems/025_systems                           1.03     22.4±0.75µs        ? ?/sec     1.00     21.9±1.36µs        ? ?/sec
empty_systems/030_systems                           1.02     25.9±1.31µs        ? ?/sec     1.00     25.4±0.69µs        ? ?/sec
empty_systems/035_systems                           1.04     29.5±1.27µs        ? ?/sec     1.00     28.4±0.83µs        ? ?/sec
empty_systems/040_systems                           1.00     33.6±0.84µs        ? ?/sec     1.04     34.9±2.90µs        ? ?/sec
empty_systems/045_systems                           1.00     37.8±1.65µs        ? ?/sec     1.01     38.3±1.83µs        ? ?/sec
empty_systems/050_systems                           1.00     43.5±1.84µs        ? ?/sec     1.06     46.3±7.20µs        ? ?/sec
empty_systems/055_systems                           1.00     49.0±2.43µs        ? ?/sec     1.03     50.5±2.57µs        ? ?/sec
empty_systems/060_systems                           1.11     58.9±5.09µs        ? ?/sec     1.00     53.0±0.64µs        ? ?/sec
empty_systems/065_systems                           1.08     63.2±5.51µs        ? ?/sec     1.00     58.4±0.85µs        ? ?/sec
empty_systems/070_systems                           1.14     73.4±7.36µs        ? ?/sec     1.00     64.1±1.90µs        ? ?/sec
empty_systems/075_systems                           1.18     86.2±8.83µs        ? ?/sec     1.00     72.9±3.93µs        ? ?/sec
empty_systems/080_systems                           1.21    89.2±11.50µs        ? ?/sec     1.00     73.9±2.12µs        ? ?/sec
empty_systems/085_systems                           1.48    117.2±9.66µs        ? ?/sec     1.00     79.3±2.72µs        ? ?/sec
empty_systems/090_systems                           1.42   124.3±12.79µs        ? ?/sec     1.00     87.6±8.07µs        ? ?/sec
empty_systems/095_systems                           1.20   110.4±12.34µs        ? ?/sec     1.00     92.0±4.99µs        ? ?/sec
empty_systems/100_systems                           1.24   127.1±14.98µs        ? ?/sec     1.00   102.8±11.86µs        ? ?/sec
entity_hash/entity_set_build/100                    1.02   882.9±42.93ns 108.0 MElem/sec    1.00   867.0±15.48ns 110.0 MElem/sec
entity_hash/entity_set_build/1000                   1.00      8.0±0.33µs 119.4 MElem/sec    1.01      8.1±0.77µs 118.2 MElem/sec
entity_hash/entity_set_build/10000                  1.01     95.1±6.46µs 100.3 MElem/sec    1.00     94.0±4.25µs 101.4 MElem/sec
entity_hash/entity_set_build/316                    1.02      2.6±0.11µs 116.8 MElem/sec    1.00      2.5±0.04µs 119.4 MElem/sec
entity_hash/entity_set_build/3162                   1.01     26.7±1.22µs 113.0 MElem/sec    1.00     26.5±0.60µs 113.6 MElem/sec
entity_hash/entity_set_lookup_hit/100               1.02    352.5±7.82ns 270.6 MElem/sec    1.00    344.7±0.75ns 276.6 MElem/sec
entity_hash/entity_set_lookup_hit/1000              1.01      3.8±0.04µs 251.1 MElem/sec    1.00      3.8±0.03µs 254.3 MElem/sec
entity_hash/entity_set_lookup_hit/10000             1.00     52.0±0.72µs 183.2 MElem/sec    1.04     54.0±0.40µs 176.6 MElem/sec
entity_hash/entity_set_lookup_hit/316               1.00  1170.1±23.22ns 257.6 MElem/sec    1.00   1165.4±9.23ns 258.6 MElem/sec
entity_hash/entity_set_lookup_hit/3162              1.03     13.2±0.52µs 228.3 MElem/sec    1.00     12.8±0.36µs 236.2 MElem/sec
entity_hash/entity_set_lookup_miss_gen/100          1.00   565.8±14.44ns 168.6 MElem/sec    1.00    566.7±1.00ns 168.3 MElem/sec
entity_hash/entity_set_lookup_miss_gen/1000         1.01      5.8±0.12µs 165.5 MElem/sec    1.00      5.7±0.05µs 167.9 MElem/sec
entity_hash/entity_set_lookup_miss_gen/10000        1.00    108.4±2.08µs 88.0 MElem/sec     1.03    111.6±0.57µs 85.5 MElem/sec
entity_hash/entity_set_lookup_miss_gen/316          1.00  1989.3±47.85ns 151.5 MElem/sec    1.00   1994.9±4.25ns 151.1 MElem/sec
entity_hash/entity_set_lookup_miss_gen/3162         1.00     40.0±1.01µs 75.5 MElem/sec     1.03     41.2±0.19µs 73.1 MElem/sec
entity_hash/entity_set_lookup_miss_id/100           1.00    345.6±5.16ns 276.0 MElem/sec    1.01    347.3±1.95ns 274.6 MElem/sec
entity_hash/entity_set_lookup_miss_id/1000          1.02      3.5±0.08µs 274.0 MElem/sec    1.00      3.4±0.02µs 280.4 MElem/sec
entity_hash/entity_set_lookup_miss_id/10000         1.01     89.5±0.93µs 106.6 MElem/sec    1.00     88.7±0.42µs 107.6 MElem/sec
entity_hash/entity_set_lookup_miss_id/316           1.00  1266.7±31.19ns 237.9 MElem/sec    1.02   1287.2±2.59ns 234.1 MElem/sec
entity_hash/entity_set_lookup_miss_id/3162          1.01     33.6±0.83µs 89.6 MElem/sec     1.00     33.5±0.19µs 90.1 MElem/sec
event_propagation/four_event_types                  1.07   910.6±26.02µs        ? ?/sec     1.00   854.6±16.52µs        ? ?/sec
event_propagation/single_event_type                 1.00  1149.3±19.82µs        ? ?/sec     1.04  1197.4±21.97µs        ? ?/sec
event_propagation/single_event_type_no_listeners    1.01    443.1±7.65µs        ? ?/sec     1.00    440.1±0.75µs        ? ?/sec
events_iter/size_16_events_100                      1.03    130.6±0.25ns        ? ?/sec     1.00    127.1±0.82ns        ? ?/sec
events_iter/size_16_events_1000                     1.00   1164.1±7.57ns        ? ?/sec     1.00   1160.1±3.60ns        ? ?/sec
events_iter/size_16_events_10000                    1.00     11.5±0.05µs        ? ?/sec     1.00     11.5±0.01µs        ? ?/sec
events_iter/size_16_events_50000                    1.00     57.4±0.09µs        ? ?/sec     1.00     57.4±0.15µs        ? ?/sec
events_iter/size_4_events_100                       1.03    130.6±0.46ns        ? ?/sec     1.00    127.0±0.25ns        ? ?/sec
events_iter/size_4_events_1000                      1.01   1169.2±9.93ns        ? ?/sec     1.00   1161.0±9.75ns        ? ?/sec
events_iter/size_4_events_10000                     1.01     11.6±0.10µs        ? ?/sec     1.00     11.5±0.02µs        ? ?/sec
events_iter/size_4_events_50000                     1.00     57.4±0.19µs        ? ?/sec     1.00     57.4±0.06µs        ? ?/sec
events_iter/size_512_events_100                     1.07    130.5±0.82ns        ? ?/sec     1.00    121.5±0.33ns        ? ?/sec
events_iter/size_512_events_1000                    1.01   1164.7±6.95ns        ? ?/sec     1.00   1154.6±2.48ns        ? ?/sec
events_iter/size_512_events_10000                   1.00     11.5±0.05µs        ? ?/sec     1.00     11.5±0.02µs        ? ?/sec
events_iter/size_512_events_50000                   1.00     57.5±0.19µs        ? ?/sec     1.00     57.5±0.21µs        ? ?/sec
events_send/size_16_events_100                      1.06    181.4±2.00ns        ? ?/sec     1.00    170.6±0.55ns        ? ?/sec
events_send/size_16_events_1000                     1.00      3.3±0.05µs        ? ?/sec     1.00      3.3±0.03µs        ? ?/sec
events_send/size_16_events_10000                    1.00     35.5±0.05µs        ? ?/sec     1.01     35.8±0.08µs        ? ?/sec
events_send/size_16_events_50000                    1.00    179.8±0.35µs        ? ?/sec     1.00    180.2±1.87µs        ? ?/sec
events_send/size_4_events_100                       1.00    171.3±2.27ns        ? ?/sec     1.04    178.2±0.73ns        ? ?/sec
events_send/size_4_events_1000                      1.00   1737.2±6.99ns        ? ?/sec     1.01   1749.6±8.94ns        ? ?/sec
events_send/size_4_events_10000                     1.00     28.1±0.11µs        ? ?/sec     1.01     28.4±0.11µs        ? ?/sec
events_send/size_4_events_50000                     1.00    141.7±0.40µs        ? ?/sec     1.01    142.8±0.66µs        ? ?/sec
events_send/size_512_events_100                     1.01      3.3±0.01µs        ? ?/sec     1.00      3.2±0.02µs        ? ?/sec
events_send/size_512_events_1000                    1.00     40.6±0.09µs        ? ?/sec     1.00     40.7±0.06µs        ? ?/sec
events_send/size_512_events_10000                   1.02   426.2±27.45µs        ? ?/sec     1.00   417.0±11.97µs        ? ?/sec
events_send/size_512_events_50000                   1.00      3.4±0.09ms        ? ?/sec     1.00      3.4±0.11ms        ? ?/sec
fake_commands/2000_commands                         1.00     18.4±0.14µs        ? ?/sec     1.01     18.7±0.11µs        ? ?/sec
fake_commands/4000_commands                         1.00     37.1±0.29µs        ? ?/sec     1.00     37.2±0.08µs        ? ?/sec
fake_commands/6000_commands                         1.00     55.5±0.38µs        ? ?/sec     1.00     55.8±0.11µs        ? ?/sec
fake_commands/8000_commands                         1.00     73.9±0.37µs        ? ?/sec     1.01     74.3±0.43µs        ? ?/sec
get_or_spawn/batched                                1.00   518.3±21.85µs        ? ?/sec     1.01   522.0±21.13µs        ? ?/sec
get_or_spawn/individual                             1.00  991.9±102.70µs        ? ?/sec     1.01  998.4±103.28µs        ? ?/sec
heavy_compute/base                                  1.00    311.3±2.85µs        ? ?/sec     1.00    311.2±2.64µs        ? ?/sec
insert_commands/insert                              1.01   782.6±56.67µs        ? ?/sec     1.00   774.9±34.61µs        ? ?/sec
insert_commands/insert_batch                        1.00   520.5±27.18µs        ? ?/sec     1.01   526.6±29.58µs        ? ?/sec
insert_simple/base                                  1.02    643.7±3.85µs        ? ?/sec     1.00    634.1±4.82µs        ? ?/sec
insert_simple/unbatched                             1.00   1071.9±8.93µs        ? ?/sec     1.01   1078.5±6.56µs        ? ?/sec
iter_fragmented(4096)_empty/foreach_sparse          1.00     22.5±0.06µs        ? ?/sec     1.02     22.9±0.07µs        ? ?/sec
iter_fragmented(4096)_empty/foreach_table           1.00      7.4±0.08µs        ? ?/sec     1.02      7.5±0.08µs        ? ?/sec
iter_fragmented/base                                1.00   901.3±14.80ns        ? ?/sec     1.11    997.4±7.26ns        ? ?/sec
iter_fragmented/foreach                             1.00   419.8±15.38ns        ? ?/sec     1.03   432.3±17.95ns        ? ?/sec
iter_fragmented/foreach_wide                        1.00      7.4±0.15µs        ? ?/sec     1.02      7.5±0.18µs        ? ?/sec
iter_fragmented/wide                                1.00      7.7±0.24µs        ? ?/sec     1.03      7.9±0.27µs        ? ?/sec
iter_fragmented_sparse/base                         1.00     14.8±0.60ns        ? ?/sec     1.11     16.4±0.65ns        ? ?/sec
iter_fragmented_sparse/foreach                      1.00     15.4±1.01ns        ? ?/sec     1.00     15.4±0.86ns        ? ?/sec
iter_fragmented_sparse/foreach_wide                 1.04     95.7±2.40ns        ? ?/sec     1.00     92.3±2.37ns        ? ?/sec
iter_fragmented_sparse/wide                         1.01     65.5±4.19ns        ? ?/sec     1.00     64.9±4.60ns        ? ?/sec
iter_simple/base                                    1.03     15.6±0.25µs        ? ?/sec     1.00     15.1±0.03µs        ? ?/sec
iter_simple/foreach                                 1.03     14.5±0.03µs        ? ?/sec     1.00     14.0±0.02µs        ? ?/sec
iter_simple/foreach_hybrid                          1.03     21.4±0.16µs        ? ?/sec     1.00     20.8±0.07µs        ? ?/sec
iter_simple/foreach_sparse_set                      1.01     41.9±0.56µs        ? ?/sec     1.00     41.6±0.07µs        ? ?/sec
iter_simple/foreach_wide                            1.00     68.2±0.26µs        ? ?/sec     1.05     71.9±0.25µs        ? ?/sec
iter_simple/foreach_wide_sparse_set                 1.00    177.0±0.50µs        ? ?/sec     1.09    192.7±0.34µs        ? ?/sec
iter_simple/sparse_set                              1.00     41.9±0.16µs        ? ?/sec     1.02     42.7±0.10µs        ? ?/sec
iter_simple/system                                  1.03     15.6±0.05µs        ? ?/sec     1.00     15.1±0.07µs        ? ?/sec
iter_simple/wide                                    1.00     84.0±4.87µs        ? ?/sec     1.01     84.8±0.20µs        ? ?/sec
iter_simple/wide_sparse_set                         1.00    194.3±1.74µs        ? ?/sec     1.06    205.1±0.48µs        ? ?/sec
no_archetypes/system_count/0                        1.00     14.4±0.38ns        ? ?/sec     1.00     14.3±0.19ns        ? ?/sec
no_archetypes/system_count/100                      1.00      2.2±0.04µs        ? ?/sec     1.00      2.2±0.03µs        ? ?/sec
no_archetypes/system_count/20                       1.00    462.5±7.11ns        ? ?/sec     1.00    461.0±5.71ns        ? ?/sec
no_archetypes/system_count/40                       1.01   909.5±19.02ns        ? ?/sec     1.00   904.8±15.64ns        ? ?/sec
no_archetypes/system_count/60                       1.02  1393.8±47.14ns        ? ?/sec     1.00  1360.6±17.94ns        ? ?/sec
no_archetypes/system_count/80                       1.00  1795.5±37.43ns        ? ?/sec     1.02  1838.1±24.68ns        ? ?/sec
observe/trigger_simple                              1.06    107.4±0.80µs        ? ?/sec     1.00    101.3±0.41µs        ? ?/sec
observe/trigger_targets_simple/10000_entity         1.00   1773.1±8.70µs        ? ?/sec     1.00  1775.5±23.59µs        ? ?/sec
par_iter_simple/with_0_fragment                     1.00     76.4±5.89µs        ? ?/sec     1.09     83.3±5.54µs        ? ?/sec
par_iter_simple/with_1000_fragment                  1.00   108.1±14.44µs        ? ?/sec     1.07   115.2±12.90µs        ? ?/sec
par_iter_simple/with_100_fragment                   1.09     87.4±7.33µs        ? ?/sec     1.00     80.3±4.70µs        ? ?/sec
par_iter_simple/with_10_fragment                    1.04     83.2±4.57µs        ? ?/sec     1.00     80.3±5.54µs        ? ?/sec
query_get/50000_entities_sparse                     1.01   463.6±14.03µs        ? ?/sec     1.00    460.9±0.65µs        ? ?/sec
query_get/50000_entities_table                      1.00    420.3±1.08µs        ? ?/sec     1.01    426.3±1.17µs        ? ?/sec
query_get_many_10/50000_calls_sparse                1.01      4.6±0.24ms        ? ?/sec     1.00      4.5±0.25ms        ? ?/sec
query_get_many_10/50000_calls_table                 1.03      3.5±0.10ms        ? ?/sec     1.00      3.4±0.12ms        ? ?/sec
query_get_many_2/50000_calls_sparse                 1.00   887.5±82.11µs        ? ?/sec     1.00   886.7±69.75µs        ? ?/sec
query_get_many_2/50000_calls_table                  1.00   829.4±64.07µs        ? ?/sec     1.00   832.6±59.48µs        ? ?/sec
query_get_many_5/50000_calls_sparse                 1.00      2.0±0.14ms        ? ?/sec     1.00      2.0±0.15ms        ? ?/sec
query_get_many_5/50000_calls_table                  1.00  1930.1±70.46µs        ? ?/sec     1.00  1934.3±70.36µs        ? ?/sec
run_condition/no/001_systems                        1.03    240.3±0.55ns        ? ?/sec     1.00    233.7±0.75ns        ? ?/sec
run_condition/no/006_systems                        1.00    746.8±2.12ns        ? ?/sec     1.01    754.3±3.48ns        ? ?/sec
run_condition/no/011_systems                        1.00   1261.9±2.20ns        ? ?/sec     1.00   1259.8±1.94ns        ? ?/sec
run_condition/no/016_systems                        1.00   1776.7±4.91ns        ? ?/sec     1.00   1777.7±9.17ns        ? ?/sec
run_condition/no/021_systems                        1.01      2.3±0.01µs        ? ?/sec     1.00      2.3±0.01µs        ? ?/sec
run_condition/no/026_systems                        1.01      2.9±0.01µs        ? ?/sec     1.00      2.8±0.02µs        ? ?/sec
run_condition/no/031_systems                        1.01      3.4±0.01µs        ? ?/sec     1.00      3.4±0.02µs        ? ?/sec
run_condition/no/036_systems                        1.01      4.0±0.01µs        ? ?/sec     1.00      3.9±0.02µs        ? ?/sec
run_condition/no/041_systems                        1.02      4.6±0.01µs        ? ?/sec     1.00      4.5±0.02µs        ? ?/sec
run_condition/no/046_systems                        1.02      5.1±0.02µs        ? ?/sec     1.00      5.0±0.03µs        ? ?/sec
run_condition/no/051_systems                        1.01      5.6±0.01µs        ? ?/sec     1.00      5.6±0.03µs        ? ?/sec
run_condition/no/056_systems                        1.01      6.2±0.02µs        ? ?/sec     1.00      6.1±0.03µs        ? ?/sec
run_condition/no/061_systems                        1.03      6.8±0.01µs        ? ?/sec     1.00      6.6±0.03µs        ? ?/sec
run_condition/no/066_systems                        1.03      7.4±0.02µs        ? ?/sec     1.00      7.2±0.03µs        ? ?/sec
run_condition/no/071_systems                        1.01      7.9±0.01µs        ? ?/sec     1.00      7.8±0.04µs        ? ?/sec
run_condition/no/076_systems                        1.01      8.4±0.07µs        ? ?/sec     1.00      8.3±0.04µs        ? ?/sec
run_condition/no/081_systems                        1.01      8.9±0.08µs        ? ?/sec     1.00      8.9±0.04µs        ? ?/sec
run_condition/no/086_systems                        1.00      9.5±0.07µs        ? ?/sec     1.00      9.5±0.05µs        ? ?/sec
run_condition/no/091_systems                        1.00     10.1±0.02µs        ? ?/sec     1.00     10.1±0.05µs        ? ?/sec
run_condition/no/096_systems                        1.02     10.7±0.06µs        ? ?/sec     1.00     10.5±0.05µs        ? ?/sec
run_condition/no/101_systems                        1.01     11.3±0.10µs        ? ?/sec     1.00     11.2±0.10µs        ? ?/sec
run_condition/yes/001_systems                       1.00      8.8±0.13µs        ? ?/sec     1.62     14.3±0.29µs        ? ?/sec
run_condition/yes/006_systems                       1.00     10.4±0.23µs        ? ?/sec     1.37     14.2±2.00µs        ? ?/sec
run_condition/yes/011_systems                       1.01     14.4±0.24µs        ? ?/sec     1.00     14.2±0.30µs        ? ?/sec
run_condition/yes/016_systems                       1.07     17.5±1.55µs        ? ?/sec     1.00     16.3±0.50µs        ? ?/sec
run_condition/yes/021_systems                       1.00     20.4±1.89µs        ? ?/sec     1.04     21.2±2.18µs        ? ?/sec
run_condition/yes/026_systems                       1.00     24.6±1.93µs        ? ?/sec     1.00     24.6±2.60µs        ? ?/sec
run_condition/yes/031_systems                       1.00     26.1±0.94µs        ? ?/sec     1.07     28.0±3.52µs        ? ?/sec
run_condition/yes/036_systems                       1.00     31.7±2.35µs        ? ?/sec     1.03     32.6±3.71µs        ? ?/sec
run_condition/yes/041_systems                       1.05     37.1±2.83µs        ? ?/sec     1.00     35.4±0.88µs        ? ?/sec
run_condition/yes/046_systems                       1.00     39.6±1.65µs        ? ?/sec     1.07     42.2±3.29µs        ? ?/sec
run_condition/yes/051_systems                       1.00     44.3±1.23µs        ? ?/sec     1.08     48.0±5.30µs        ? ?/sec
run_condition/yes/056_systems                       1.00     49.6±0.92µs        ? ?/sec     1.09     53.8±3.71µs        ? ?/sec
run_condition/yes/061_systems                       1.00     57.2±4.30µs        ? ?/sec     1.04     59.7±4.47µs        ? ?/sec
run_condition/yes/066_systems                       1.01     64.3±5.34µs        ? ?/sec     1.00     63.8±4.11µs        ? ?/sec
run_condition/yes/071_systems                       1.00     68.3±4.67µs        ? ?/sec     1.02     69.9±3.97µs        ? ?/sec
run_condition/yes/076_systems                       1.00     68.6±0.66µs        ? ?/sec     1.04     71.4±2.66µs        ? ?/sec
run_condition/yes/081_systems                       1.00     79.0±4.56µs        ? ?/sec     1.02     80.9±5.70µs        ? ?/sec
run_condition/yes/086_systems                       1.00     79.3±1.16µs        ? ?/sec     1.02     80.7±2.33µs        ? ?/sec
run_condition/yes/091_systems                       1.01     86.9±3.78µs        ? ?/sec     1.00     86.2±1.65µs        ? ?/sec
run_condition/yes/096_systems                       1.00     91.6±3.97µs        ? ?/sec     1.04     95.0±8.16µs        ? ?/sec
run_condition/yes/101_systems                       1.00     95.2±1.42µs        ? ?/sec     1.01     96.5±2.80µs        ? ?/sec
run_condition/yes_using_query/001_systems           1.75     15.3±0.25µs        ? ?/sec     1.00      8.7±0.11µs        ? ?/sec
run_condition/yes_using_query/006_systems           1.67     17.0±0.34µs        ? ?/sec     1.00     10.2±0.19µs        ? ?/sec
run_condition/yes_using_query/011_systems           1.51     21.6±0.56µs        ? ?/sec     1.00     14.3±0.52µs        ? ?/sec
run_condition/yes_using_query/016_systems           1.60     26.4±0.37µs        ? ?/sec     1.00     16.4±0.46µs        ? ?/sec
run_condition/yes_using_query/021_systems           1.65     32.5±0.62µs        ? ?/sec     1.00     19.7±0.93µs        ? ?/sec
run_condition/yes_using_query/026_systems           1.79     41.1±0.69µs        ? ?/sec     1.00     23.0±1.31µs        ? ?/sec
run_condition/yes_using_query/031_systems           1.41    38.3±11.98µs        ? ?/sec     1.00     27.2±2.58µs        ? ?/sec
run_condition/yes_using_query/036_systems           1.05     33.0±2.99µs        ? ?/sec     1.00     31.5±0.80µs        ? ?/sec
run_condition/yes_using_query/041_systems           1.00     36.5±2.68µs        ? ?/sec     1.01     36.7±2.44µs        ? ?/sec
run_condition/yes_using_query/046_systems           1.00     40.2±0.87µs        ? ?/sec     1.03     41.6±0.98µs        ? ?/sec
run_condition/yes_using_query/051_systems           1.87    86.8±13.32µs        ? ?/sec     1.00     46.3±0.93µs        ? ?/sec
run_condition/yes_using_query/056_systems           1.51     77.7±6.21µs        ? ?/sec     1.00     51.3±0.78µs        ? ?/sec
run_condition/yes_using_query/061_systems           1.99    113.0±2.06µs        ? ?/sec     1.00     56.8±0.59µs        ? ?/sec
run_condition/yes_using_query/066_systems           1.27     78.9±7.66µs        ? ?/sec     1.00     62.0±1.80µs        ? ?/sec
run_condition/yes_using_query/071_systems           1.21    81.3±10.73µs        ? ?/sec     1.00     67.3±2.07µs        ? ?/sec
run_condition/yes_using_query/076_systems           1.48   107.4±14.07µs        ? ?/sec     1.00     72.5±2.75µs        ? ?/sec
run_condition/yes_using_query/081_systems           1.34   102.4±11.74µs        ? ?/sec     1.00     76.4±1.41µs        ? ?/sec
run_condition/yes_using_query/086_systems           1.04     85.6±6.43µs        ? ?/sec     1.00     82.1±1.05µs        ? ?/sec
run_condition/yes_using_query/091_systems           1.10    97.0±10.17µs        ? ?/sec     1.00     88.4±3.21µs        ? ?/sec
run_condition/yes_using_query/096_systems           2.03    187.9±4.17µs        ? ?/sec     1.00     92.8±1.49µs        ? ?/sec
run_condition/yes_using_query/101_systems           1.25   122.4±16.63µs        ? ?/sec     1.00     98.0±1.68µs        ? ?/sec
run_condition/yes_using_resource/001_systems        1.04      8.9±0.13µs        ? ?/sec     1.00      8.6±0.21µs        ? ?/sec
run_condition/yes_using_resource/006_systems        1.40     14.7±1.01µs        ? ?/sec     1.00     10.5±0.30µs        ? ?/sec
run_condition/yes_using_resource/011_systems        1.51     21.6±0.73µs        ? ?/sec     1.00     14.3±0.67µs        ? ?/sec
run_condition/yes_using_resource/016_systems        1.08     17.6±1.58µs        ? ?/sec     1.00     16.4±0.37µs        ? ?/sec
run_condition/yes_using_resource/021_systems        1.70     32.6±0.92µs        ? ?/sec     1.00     19.1±0.59µs        ? ?/sec
run_condition/yes_using_resource/026_systems        1.01     22.8±1.16µs        ? ?/sec     1.00     22.6±0.90µs        ? ?/sec
run_condition/yes_using_resource/031_systems        1.01     26.6±2.57µs        ? ?/sec     1.00     26.3±0.73µs        ? ?/sec
run_condition/yes_using_resource/036_systems        1.00     30.4±1.07µs        ? ?/sec     1.01     30.6±0.87µs        ? ?/sec
run_condition/yes_using_resource/041_systems        1.00     35.5±1.06µs        ? ?/sec     1.01     35.7±1.39µs        ? ?/sec
run_condition/yes_using_resource/046_systems        1.02     41.5±2.84µs        ? ?/sec     1.00     40.8±0.80µs        ? ?/sec
run_condition/yes_using_resource/051_systems        1.00     45.0±1.60µs        ? ?/sec     1.06     47.9±3.33µs        ? ?/sec
run_condition/yes_using_resource/056_systems        1.00     53.8±4.06µs        ? ?/sec     1.01     54.1±3.76µs        ? ?/sec
run_condition/yes_using_resource/061_systems        1.23    69.6±21.57µs        ? ?/sec     1.00     56.8±2.85µs        ? ?/sec
run_condition/yes_using_resource/066_systems        1.03     63.6±4.03µs        ? ?/sec     1.00     62.0±3.45µs        ? ?/sec
run_condition/yes_using_resource/071_systems        1.00     65.3±2.58µs        ? ?/sec     1.04     68.2±3.64µs        ? ?/sec
run_condition/yes_using_resource/076_systems        1.00     76.0±5.28µs        ? ?/sec     1.01     77.0±5.37µs        ? ?/sec
run_condition/yes_using_resource/081_systems        1.00     74.3±0.80µs        ? ?/sec     1.06     78.5±4.28µs        ? ?/sec
run_condition/yes_using_resource/086_systems        1.00     81.7±4.03µs        ? ?/sec     1.00     81.5±1.33µs        ? ?/sec
run_condition/yes_using_resource/091_systems        1.00     86.5±2.61µs        ? ?/sec     1.05     90.7±4.90µs        ? ?/sec
run_condition/yes_using_resource/096_systems        1.00     90.4±0.96µs        ? ?/sec     1.03     92.8±4.09µs        ? ?/sec
run_condition/yes_using_resource/101_systems        1.00     95.5±3.15µs        ? ?/sec     1.07   102.3±10.75µs        ? ?/sec
run_empty_schedule/MultiThreaded                    1.01      6.1±0.15ns        ? ?/sec     1.00      6.0±0.01ns        ? ?/sec
run_empty_schedule/Simple                           1.01      8.1±0.20ns        ? ?/sec     1.00      8.0±0.02ns        ? ?/sec
run_empty_schedule/SingleThreaded                   1.01     14.4±0.37ns        ? ?/sec     1.00     14.3±0.07ns        ? ?/sec
schedule/base                                       1.02     74.9±1.78µs        ? ?/sec     1.00     73.7±1.92µs        ? ?/sec
sized_commands_0_bytes/2000_commands                1.03     18.0±0.11µs        ? ?/sec     1.00     17.5±0.03µs        ? ?/sec
sized_commands_0_bytes/4000_commands                1.01     35.7±0.10µs        ? ?/sec     1.00     35.4±0.13µs        ? ?/sec
sized_commands_0_bytes/6000_commands                1.01     54.0±0.44µs        ? ?/sec     1.00     53.6±0.15µs        ? ?/sec
sized_commands_0_bytes/8000_commands                1.01     72.1±0.78µs        ? ?/sec     1.00     71.1±0.15µs        ? ?/sec
sized_commands_12_bytes/2000_commands               1.00     22.2±0.19µs        ? ?/sec     1.00     22.2±0.04µs        ? ?/sec
sized_commands_12_bytes/4000_commands               1.00     44.0±0.19µs        ? ?/sec     1.00     44.1±0.09µs        ? ?/sec
sized_commands_12_bytes/6000_commands               1.00     66.2±0.33µs        ? ?/sec     1.00     66.4±0.17µs        ? ?/sec
sized_commands_12_bytes/8000_commands               1.00     88.0±0.75µs        ? ?/sec     1.01     88.5±0.33µs        ? ?/sec
sized_commands_512_bytes/2000_commands              1.00    129.6±1.51µs        ? ?/sec     1.00    130.1±1.49µs        ? ?/sec
sized_commands_512_bytes/4000_commands              1.00   263.9±10.39µs        ? ?/sec     1.01   267.2±12.78µs        ? ?/sec
sized_commands_512_bytes/6000_commands              1.00   413.9±47.57µs        ? ?/sec     1.01   416.0±45.00µs        ? ?/sec
sized_commands_512_bytes/8000_commands              1.00   546.5±47.08µs        ? ?/sec     1.00   548.5±45.10µs        ? ?/sec
spawn_commands/2000_entities                        1.02   277.4±14.06µs        ? ?/sec     1.00   272.4±10.75µs        ? ?/sec
spawn_commands/4000_entities                        1.02   568.0±38.91µs        ? ?/sec     1.00   557.5±22.86µs        ? ?/sec
spawn_commands/6000_entities                        1.00   826.1±46.36µs        ? ?/sec     1.01   835.6±47.13µs        ? ?/sec
spawn_commands/8000_entities                        1.00  1107.3±53.42µs        ? ?/sec     1.03  1141.9±60.41µs        ? ?/sec
spawn_world/10000_entities                          1.00  1078.6±105.67µs        ? ?/sec    1.01  1090.7±110.53µs        ? ?/sec
spawn_world/1000_entities                           1.00   108.8±12.86µs        ? ?/sec     1.01   109.7±13.68µs        ? ?/sec
spawn_world/100_entities                            1.00     10.7±1.25µs        ? ?/sec     1.00     10.6±1.32µs        ? ?/sec
spawn_world/10_entities                             1.00  1042.2±117.26ns        ? ?/sec    1.01  1057.2±122.28ns        ? ?/sec
spawn_world/1_entities                              1.02   110.5±12.77ns        ? ?/sec     1.00   108.5±13.30ns        ? ?/sec
world_entity/50000_entities                         1.00    128.0±0.26µs        ? ?/sec     1.00    128.1±0.29µs        ? ?/sec
world_get/50000_entities_sparse                     1.09    374.2±0.52µs        ? ?/sec     1.00    341.9±0.41µs        ? ?/sec
world_get/50000_entities_table                      1.09    275.7±1.92µs        ? ?/sec     1.00    253.2±1.72µs        ? ?/sec
world_query_for_each/50000_entities_sparse          1.00     84.7±0.20µs        ? ?/sec     1.00     84.9±0.24µs        ? ?/sec
world_query_for_each/50000_entities_table           1.04     32.3±0.05µs        ? ?/sec     1.00     31.2±0.51µs        ? ?/sec
world_query_get/50000_entities_sparse               1.00    266.3±0.93µs        ? ?/sec     1.02    272.6±3.13µs        ? ?/sec
world_query_get/50000_entities_sparse_wide          1.02    405.0±0.62µs        ? ?/sec     1.00    396.3±1.50µs        ? ?/sec
world_query_get/50000_entities_table                1.00    240.8±1.01µs        ? ?/sec     1.02    246.8±0.42µs        ? ?/sec
world_query_get/50000_entities_table_wide           1.00    242.6±0.66µs        ? ?/sec     1.03    248.7±5.88µs        ? ?/sec
world_query_iter/50000_entities_sparse              1.00     94.0±0.39µs        ? ?/sec     1.00     93.6±0.51µs        ? ?/sec
world_query_iter/50000_entities_table               1.00     57.2±0.22µs        ? ?/sec     1.41    80.9±21.54µs        ? ?/sec
