for_each_iter
-------------
ownsem_licm      1.00     210.1±0.44ms       ? ?/sec
default_licm     1.00     210.3±0.43ms       ? ?/sec

for_each_par_iter/threads/1
---------------------------
default_licm     1.00      96.1±0.37ms       ? ?/sec
ownsem_licm      1.12     107.3±0.23ms       ? ?/sec

for_each_par_iter/threads/16
----------------------------
default_licm     1.00      14.7±0.14ms       ? ?/sec
ownsem_licm      1.03      15.2±0.26ms       ? ?/sec

for_each_par_iter/threads/2
---------------------------
default_licm     1.00      67.0±0.36ms       ? ?/sec
ownsem_licm      1.12      75.1±0.15ms       ? ?/sec

for_each_par_iter/threads/32
----------------------------
default_licm     1.00      11.1±0.26ms       ? ?/sec
ownsem_licm      1.00      11.2±0.25ms       ? ?/sec

for_each_par_iter/threads/4
---------------------------
default_licm     1.00      42.2±0.16ms       ? ?/sec
ownsem_licm      1.11      47.0±0.10ms       ? ?/sec

for_each_par_iter/threads/8
---------------------------
default_licm     1.00      24.2±0.10ms       ? ?/sec
ownsem_licm      1.11      26.7±0.17ms       ? ?/sec

many_maps_iter
--------------
default_licm     1.00     204.8±0.20ms       ? ?/sec
ownsem_licm      1.00     205.1±0.17ms       ? ?/sec

many_maps_par_iter/threads/1
----------------------------
default_licm     1.00     103.0±0.22ms       ? ?/sec
ownsem_licm      1.00     103.0±0.22ms       ? ?/sec

many_maps_par_iter/threads/16
-----------------------------
default_licm     1.00      14.7±0.21ms       ? ?/sec
ownsem_licm      1.04      15.4±0.77ms       ? ?/sec

many_maps_par_iter/threads/2
----------------------------
default_licm     1.00      69.8±0.54ms       ? ?/sec
ownsem_licm      1.03      71.9±0.29ms       ? ?/sec

many_maps_par_iter/threads/32
-----------------------------
default_licm     1.00      11.1±0.15ms       ? ?/sec
ownsem_licm      1.02      11.2±0.37ms       ? ?/sec

many_maps_par_iter/threads/4
----------------------------
default_licm     1.00      42.4±0.18ms       ? ?/sec
ownsem_licm      1.06      45.2±0.07ms       ? ?/sec

many_maps_par_iter/threads/8
----------------------------
default_licm     1.00      25.7±0.06ms       ? ?/sec
ownsem_licm      1.03      26.4±0.53ms       ? ?/sec

overhead_iter
-------------
default_licm     1.00       0.0±0.00ns       ? ?/sec
ownsem_licm      1.00       0.0±0.00ns       ? ?/sec

overhead_par_iter/threads/1
---------------------------
ownsem_licm      1.00      57.9±2.00µs       ? ?/sec
default_licm     1.04      60.4±1.98µs       ? ?/sec

overhead_par_iter/threads/16
----------------------------
default_licm     1.00      91.4±1.98µs       ? ?/sec
ownsem_licm      1.00      91.7±3.53µs       ? ?/sec

overhead_par_iter/threads/2
---------------------------
ownsem_licm      1.00      71.3±0.64µs       ? ?/sec
default_licm     1.01      71.9±2.28µs       ? ?/sec

overhead_par_iter/threads/32
----------------------------
ownsem_licm      1.00      98.8±3.38µs       ? ?/sec
default_licm     1.02     101.1±3.67µs       ? ?/sec

overhead_par_iter/threads/4
---------------------------
ownsem_licm      1.00      83.6±3.22µs       ? ?/sec
default_licm     1.01      84.4±1.20µs       ? ?/sec

overhead_par_iter/threads/8
---------------------------
ownsem_licm      1.00      95.7±0.67µs       ? ?/sec
default_licm     1.21     116.0±3.45µs       ? ?/sec
